------------------------------------------------------------
TimeQuest Timing Analyzer Summary
------------------------------------------------------------

Type  : Slow Model Setup 'divider:inst17|out_16k'
Slack : -16.389
TNS   : -224.033

Type  : Slow Model Setup 'divider:inst17|out_10k'
Slack : -14.899
TNS   : -66.877

Type  : Slow Model Setup 'clk'
Slack : -9.375
TNS   : -1178.012

Type  : Slow Model Setup 'divider:inst17|out_9600'
Slack : -3.912
TNS   : -75.934

Type  : Slow Model Setup 'divider:inst17|out_8'
Slack : -2.846
TNS   : -19.611

Type  : Slow Model Setup 'ultraright_echo'
Slack : -1.081
TNS   : -3.413

Type  : Slow Model Setup 'main:inst13|clk_9600'
Slack : -0.774
TNS   : -2.266

Type  : Slow Model Setup 'ultraleft_echo'
Slack : -0.559
TNS   : -0.984

Type  : Slow Model Setup 'ultra_2'
Slack : -0.320
TNS   : -1.881

Type  : Slow Model Setup 'ultraback_echo'
Slack : 0.055
TNS   : 0.000

Type  : Slow Model Hold 'clk'
Slack : -2.607
TNS   : -15.547

Type  : Slow Model Hold 'ultraback_echo'
Slack : 0.228
TNS   : 0.000

Type  : Slow Model Hold 'ultraright_echo'
Slack : 0.339
TNS   : 0.000

Type  : Slow Model Hold 'divider:inst17|out_16k'
Slack : 0.445
TNS   : 0.000

Type  : Slow Model Hold 'divider:inst17|out_10k'
Slack : 0.499
TNS   : 0.000

Type  : Slow Model Hold 'divider:inst17|out_9600'
Slack : 0.499
TNS   : 0.000

Type  : Slow Model Hold 'ultraleft_echo'
Slack : 0.508
TNS   : 0.000

Type  : Slow Model Hold 'ultra_2'
Slack : 0.625
TNS   : 0.000

Type  : Slow Model Hold 'divider:inst17|out_8'
Slack : 0.758
TNS   : 0.000

Type  : Slow Model Hold 'main:inst13|clk_9600'
Slack : 1.404
TNS   : 0.000

Type  : Slow Model Recovery 'divider:inst17|out_1'
Slack : -0.312
TNS   : -0.312

Type  : Slow Model Removal 'divider:inst17|out_1'
Slack : 1.046
TNS   : 0.000

Type  : Slow Model Minimum Pulse Width 'clk'
Slack : -1.941
TNS   : -365.521

Type  : Slow Model Minimum Pulse Width 'ultra_2'
Slack : -1.777
TNS   : -13.649

Type  : Slow Model Minimum Pulse Width 'ultraback_echo'
Slack : -1.777
TNS   : -13.649

Type  : Slow Model Minimum Pulse Width 'ultraleft_echo'
Slack : -1.777
TNS   : -13.649

Type  : Slow Model Minimum Pulse Width 'ultraright_echo'
Slack : -1.777
TNS   : -13.649

Type  : Slow Model Minimum Pulse Width 'divider:inst17|out_16k'
Slack : -0.742
TNS   : -71.232

Type  : Slow Model Minimum Pulse Width 'divider:inst17|out_9600'
Slack : -0.742
TNS   : -54.908

Type  : Slow Model Minimum Pulse Width 'divider:inst17|out_10k'
Slack : -0.742
TNS   : -29.680

Type  : Slow Model Minimum Pulse Width 'divider:inst17|out_8'
Slack : -0.742
TNS   : -10.388

Type  : Slow Model Minimum Pulse Width 'main:inst13|clk_9600'
Slack : -0.742
TNS   : -4.452

Type  : Slow Model Minimum Pulse Width 'divider:inst17|out_1'
Slack : -0.742
TNS   : -1.484

Type  : Fast Model Setup 'divider:inst17|out_16k'
Slack : -4.516
TNS   : -44.657

Type  : Fast Model Setup 'divider:inst17|out_10k'
Slack : -3.978
TNS   : -7.876

Type  : Fast Model Setup 'clk'
Slack : -2.466
TNS   : -220.776

Type  : Fast Model Setup 'divider:inst17|out_9600'
Slack : -0.718
TNS   : -5.336

Type  : Fast Model Setup 'divider:inst17|out_8'
Slack : -0.424
TNS   : -2.805

Type  : Fast Model Setup 'ultraright_echo'
Slack : -0.091
TNS   : -0.091

Type  : Fast Model Setup 'ultraleft_echo'
Slack : 0.112
TNS   : 0.000

Type  : Fast Model Setup 'ultra_2'
Slack : 0.154
TNS   : 0.000

Type  : Fast Model Setup 'ultraback_echo'
Slack : 0.373
TNS   : 0.000

Type  : Fast Model Setup 'main:inst13|clk_9600'
Slack : 0.375
TNS   : 0.000

Type  : Fast Model Hold 'clk'
Slack : -1.414
TNS   : -8.387

Type  : Fast Model Hold 'divider:inst17|out_16k'
Slack : 0.054
TNS   : 0.000

Type  : Fast Model Hold 'divider:inst17|out_9600'
Slack : 0.203
TNS   : 0.000

Type  : Fast Model Hold 'divider:inst17|out_10k'
Slack : 0.215
TNS   : 0.000

Type  : Fast Model Hold 'divider:inst17|out_8'
Slack : 0.247
TNS   : 0.000

Type  : Fast Model Hold 'ultraback_echo'
Slack : 0.393
TNS   : 0.000

Type  : Fast Model Hold 'main:inst13|clk_9600'
Slack : 0.427
TNS   : 0.000

Type  : Fast Model Hold 'ultraright_echo'
Slack : 0.434
TNS   : 0.000

Type  : Fast Model Hold 'ultraleft_echo'
Slack : 0.509
TNS   : 0.000

Type  : Fast Model Hold 'ultra_2'
Slack : 0.588
TNS   : 0.000

Type  : Fast Model Recovery 'divider:inst17|out_1'
Slack : 0.112
TNS   : 0.000

Type  : Fast Model Removal 'divider:inst17|out_1'
Slack : 0.768
TNS   : 0.000

Type  : Fast Model Minimum Pulse Width 'clk'
Slack : -1.380
TNS   : -246.380

Type  : Fast Model Minimum Pulse Width 'ultra_2'
Slack : -1.222
TNS   : -9.222

Type  : Fast Model Minimum Pulse Width 'ultraback_echo'
Slack : -1.222
TNS   : -9.222

Type  : Fast Model Minimum Pulse Width 'ultraleft_echo'
Slack : -1.222
TNS   : -9.222

Type  : Fast Model Minimum Pulse Width 'ultraright_echo'
Slack : -1.222
TNS   : -9.222

Type  : Fast Model Minimum Pulse Width 'divider:inst17|out_16k'
Slack : -0.500
TNS   : -48.000

Type  : Fast Model Minimum Pulse Width 'divider:inst17|out_9600'
Slack : -0.500
TNS   : -37.000

Type  : Fast Model Minimum Pulse Width 'divider:inst17|out_10k'
Slack : -0.500
TNS   : -20.000

Type  : Fast Model Minimum Pulse Width 'divider:inst17|out_8'
Slack : -0.500
TNS   : -7.000

Type  : Fast Model Minimum Pulse Width 'main:inst13|clk_9600'
Slack : -0.500
TNS   : -3.000

Type  : Fast Model Minimum Pulse Width 'divider:inst17|out_1'
Slack : -0.500
TNS   : -1.000

------------------------------------------------------------
